#
# There is insufficient memory for the Java Runtime Environment to continue.
# Native memory allocation (mmap) failed to map 260046848 bytes. Error detail: G1 virtual space
# Possible reasons:
#   The system is out of physical RAM or swap space
#   This process is running with CompressedOops enabled, and the Java Heap may be blocking the growth of the native heap
# Possible solutions:
#   Reduce memory load on the system
#   Increase physical memory or swap space
#   Check if swap backing store is full
#   Decrease Java heap size (-Xmx/-Xms)
#   Decrease number of Java threads
#   Decrease Java thread stack sizes (-Xss)
#   Set larger code cache with -XX:ReservedCodeCacheSize=
#   JVM is running with Zero Based Compressed Oops mode in which the Java heap is
#     placed in the first 32GB address space. The Java Heap base address is the
#     maximum limit for the native heap growth. Please use -XX:HeapBaseMinAddress
#     to set the Java Heap base and to place the Java Heap above 32GB virtual address.
# This output file may be truncated or incomplete.
#
#  Out of Memory Error (os_windows.cpp:3828), pid=7400, tid=13484
#
# JRE version:  (21.0.5+8) (build )
# Java VM: OpenJDK 64-Bit Server VM (21.0.5+8-b631.28, mixed mode, sharing, tiered, compressed oops, compressed class ptrs, g1 gc, windows-amd64)
# No core dump will be written. Minidumps are not enabled by default on client versions of Windows
#

---------------  S U M M A R Y ------------

Command Line: git4idea.http.GitAskPassApp Username for 'https://github.com': 

Host: AMD Ryzen 7 5800HS with Radeon Graphics        , 16 cores, 15G,  Windows 11 , 64 bit Build 26100 (10.0.26100.2454)
Time: Mon Jan  6 20:09:26 2025 SE Asia Standard Time elapsed time: 1.099131 seconds (0d 0h 0m 1s)

---------------  T H R E A D  ---------------

Current thread (0x0000027630e51820):  JavaThread "Unknown thread" [_thread_in_vm, id=13484, stack(0x0000007e3e700000,0x0000007e3e800000) (1024K)]

Stack: [0x0000007e3e700000,0x0000007e3e800000]
Native frames: (J=compiled Java code, j=interpreted, Vv=VM code, C=native code)
V  [jvm.dll+0x6e52b9]
V  [jvm.dll+0x8c3633]
V  [jvm.dll+0x8c5b8e]
V  [jvm.dll+0x8c6273]
V  [jvm.dll+0x288f46]
V  [jvm.dll+0x6e1a35]
V  [jvm.dll+0x6d5e3a]
V  [jvm.dll+0x3634bb]
V  [jvm.dll+0x36b086]
V  [jvm.dll+0x3bd346]
V  [jvm.dll+0x3bd618]
V  [jvm.dll+0x335c2c]
V  [jvm.dll+0x33691b]
V  [jvm.dll+0x88aa89]
V  [jvm.dll+0x3ca518]
V  [jvm.dll+0x873b98]
V  [jvm.dll+0x45eede]
V  [jvm.dll+0x460bc1]
C  [jli.dll+0x52ab]
C  [ucrtbase.dll+0x14ea0]
C  [KERNEL32.DLL+0x2e8d7]
C  [ntdll.dll+0xdfbcc]


---------------  P R O C E S S  ---------------

Threads class SMR info:
_java_thread_list=0x00007ffcee74a148, length=0, elements={
}

Java Threads: ( => current thread )
Total: 0

Other Threads:
  0x000002763314c360 WorkerThread "GC Thread#0"                     [id=32648, stack(0x0000007e3e800000,0x0000007e3e900000) (1024K)]
  0x000002763315d840 ConcurrentGCThread "G1 Main Marker"            [id=14296, stack(0x0000007e3e900000,0x0000007e3ea00000) (1024K)]
  0x000002763315e340 WorkerThread "G1 Conc#0"                       [id=9808, stack(0x0000007e3ea00000,0x0000007e3eb00000) (1024K)]

[error occurred during error reporting (printing all threads), id 0xc0000005, EXCEPTION_ACCESS_VIOLATION (0xc0000005) at pc=0x00007ffcede38ce7]
VM state: not at safepoint (not fully initialized)

VM Mutex/Monitor currently owned by a thread:  ([mutex/lock_event])
[0x00007ffcee7beb30] Heap_lock - owner thread: 0x0000027630e51820

Heap address: 0x0000000709800000, size: 3944 MB, Compressed Oops mode: Zero based, Oop shift amount: 3

CDS archive(s) mapped at: [0x0000000000000000-0x0000000000000000-0x0000000000000000), size 0, SharedBaseAddress: 0x0000000800000000, ArchiveRelocationMode: 1.
Narrow klass base: 0x0000000000000000, Narrow klass shift: 0, Narrow klass range: 0x0

GC Precious Log:
 CardTable entry size: 512
 Card Set container configuration: InlinePtr #cards 4 size 8 Array Of Cards #cards 16 size 48 Howl #buckets 8 coarsen threshold 3686 Howl Bitmap #cards 512 size 80 coarsen threshold 460 Card regions per heap region 1 cards per card region 4096

Heap:
 garbage-first heap   total 0K, used 0K [0x0000000709800000, 0x0000000800000000)
  region size 2048K, 0 young (0K), 0 survivors (0K)
 Metaspace       used 0K, committed 0K, reserved 0K
  class space    used 0K, committed 0K, reserved 0K

Heap Regions: E=young(eden), S=young(survivor), O=old, HS=humongous(starts), HC=humongous(continues), CS=collection set, F=free, TAMS=top-at-mark-start, PB=parsable bottom

Card table byte_map: [0x00000276470e0000,0x00000276478a0000] _byte_map_base: 0x0000027643894000

Marking Bits: (CMBitMap*) 0x000002763314ca60
 Bits: [0x00000276478a0000, 0x000002764b640000)

GC Heap History (0 events):
No events

Dll operation events (1 events):
Event: 0.012 Loaded shared library C:\Program Files\JetBrains\PhpStorm 2024.2.3\jbr\bin\java.dll

Deoptimization events (0 events):
No events

Classes loaded (0 events):
No events

Classes unloaded (0 events):
No events

Classes redefined (0 events):
No events

Internal exceptions (0 events):
No events

ZGC Phase Switch (0 events):
No events

VM Operations (0 events):
No events

Memory protections (0 events):
No events

Nmethod flushes (0 events):
No events

Events (0 events):
No events


Dynamic libraries:
0x00007ff6e81c0000 - 0x00007ff6e81ca000 	C:\Program Files\JetBrains\PhpStorm 2024.2.3\jbr\bin\java.exe
0x00007ffd75740000 - 0x00007ffd759a3000 	C:\WINDOWS\SYSTEM32\ntdll.dll
0x00007ffd74b80000 - 0x00007ffd74c48000 	C:\WINDOWS\System32\KERNEL32.DLL
0x00007ffd73080000 - 0x00007ffd73432000 	C:\WINDOWS\System32\KERNELBASE.dll
0x00007ffd72f30000 - 0x00007ffd7307b000 	C:\WINDOWS\System32\ucrtbase.dll
0x00007ffd60710000 - 0x00007ffd6072b000 	C:\Program Files\JetBrains\PhpStorm 2024.2.3\jbr\bin\VCRUNTIME140.dll
0x00007ffd6b460000 - 0x00007ffd6b478000 	C:\Program Files\JetBrains\PhpStorm 2024.2.3\jbr\bin\jli.dll
0x00007ffd735a0000 - 0x00007ffd73768000 	C:\WINDOWS\System32\USER32.dll
0x00007ffd5d760000 - 0x00007ffd5d9f0000 	C:\WINDOWS\WinSxS\amd64_microsoft.windows.common-controls_6595b64144ccf1df_6.0.26100.2454_none_3e0b68a2e331ad60\COMCTL32.dll
0x00007ffd73440000 - 0x00007ffd73467000 	C:\WINDOWS\System32\win32u.dll
0x00007ffd73bc0000 - 0x00007ffd73bea000 	C:\WINDOWS\System32\GDI32.dll
0x00007ffd75070000 - 0x00007ffd75119000 	C:\WINDOWS\System32\msvcrt.dll
0x00007ffd73470000 - 0x00007ffd7359b000 	C:\WINDOWS\System32\gdi32full.dll
0x00007ffd72ba0000 - 0x00007ffd72c43000 	C:\WINDOWS\System32\msvcp_win.dll
0x00007ffd73a50000 - 0x00007ffd73a7f000 	C:\WINDOWS\System32\IMM32.DLL
0x00007ffd6b010000 - 0x00007ffd6b01c000 	C:\Program Files\JetBrains\PhpStorm 2024.2.3\jbr\bin\vcruntime140_1.dll
0x00007ffd48400000 - 0x00007ffd4848d000 	C:\Program Files\JetBrains\PhpStorm 2024.2.3\jbr\bin\msvcp140.dll
0x00007ffcedaf0000 - 0x00007ffcee8b1000 	C:\Program Files\JetBrains\PhpStorm 2024.2.3\jbr\bin\server\jvm.dll
0x00007ffd74630000 - 0x00007ffd746e4000 	C:\WINDOWS\System32\ADVAPI32.dll
0x00007ffd75290000 - 0x00007ffd75336000 	C:\WINDOWS\System32\sechost.dll
0x00007ffd73800000 - 0x00007ffd73916000 	C:\WINDOWS\System32\RPCRT4.dll
0x00007ffd74c90000 - 0x00007ffd74d04000 	C:\WINDOWS\System32\WS2_32.dll
0x00007ffd729a0000 - 0x00007ffd729ee000 	C:\WINDOWS\SYSTEM32\POWRPROF.dll
0x00007ffd671b0000 - 0x00007ffd671e6000 	C:\WINDOWS\SYSTEM32\WINMM.dll
0x00007ffd6a930000 - 0x00007ffd6a93b000 	C:\WINDOWS\SYSTEM32\VERSION.dll
0x00007ffd72980000 - 0x00007ffd72994000 	C:\WINDOWS\SYSTEM32\UMPDC.dll
0x00007ffd71950000 - 0x00007ffd7196a000 	C:\WINDOWS\SYSTEM32\kernel.appcore.dll
0x00007ffd60700000 - 0x00007ffd6070a000 	C:\Program Files\JetBrains\PhpStorm 2024.2.3\jbr\bin\jimage.dll
0x00007ffd701c0000 - 0x00007ffd70401000 	C:\WINDOWS\SYSTEM32\DBGHELP.DLL
0x00007ffd75370000 - 0x00007ffd756ee000 	C:\WINDOWS\System32\combase.dll
0x00007ffd73c70000 - 0x00007ffd73d46000 	C:\WINDOWS\System32\OLEAUT32.dll
0x00007ffd41ba0000 - 0x00007ffd41bd9000 	C:\WINDOWS\SYSTEM32\dbgcore.DLL
0x00007ffd72c50000 - 0x00007ffd72ce9000 	C:\WINDOWS\System32\bcryptPrimitives.dll
0x00007ffd56830000 - 0x00007ffd56850000 	C:\Program Files\JetBrains\PhpStorm 2024.2.3\jbr\bin\java.dll

dbghelp: loaded successfully - version: 4.0.5 - missing functions: none
symbol engine: initialized successfully - sym options: 0x614 - pdb path: .;C:\Program Files\JetBrains\PhpStorm 2024.2.3\jbr\bin;C:\WINDOWS\SYSTEM32;C:\WINDOWS\WinSxS\amd64_microsoft.windows.common-controls_6595b64144ccf1df_6.0.26100.2454_none_3e0b68a2e331ad60;C:\Program Files\JetBrains\PhpStorm 2024.2.3\jbr\bin\server

VM Arguments:
java_command: git4idea.http.GitAskPassApp Username for 'https://github.com': 
java_class_path (initial): C:/Program Files/JetBrains/PhpStorm 2024.2.3/plugins/vcs-git/lib/git4idea-rt.jar;C:/Program Files/JetBrains/PhpStorm 2024.2.3/lib/externalProcess-rt.jar
Launcher Type: SUN_STANDARD

[Global flags]
     intx CICompilerCount                          = 12                                        {product} {ergonomic}
     uint ConcGCThreads                            = 3                                         {product} {ergonomic}
     uint G1ConcRefinementThreads                  = 13                                        {product} {ergonomic}
   size_t G1HeapRegionSize                         = 2097152                                   {product} {ergonomic}
    uintx GCDrainStackTargetSize                   = 64                                        {product} {ergonomic}
   size_t InitialHeapSize                          = 260046848                                 {product} {ergonomic}
   size_t MarkStackSize                            = 4194304                                   {product} {ergonomic}
   size_t MaxHeapSize                              = 4135583744                                {product} {ergonomic}
   size_t MinHeapDeltaBytes                        = 2097152                                   {product} {ergonomic}
   size_t MinHeapSize                              = 8388608                                   {product} {ergonomic}
    uintx NonNMethodCodeHeapSize                   = 7602480                                {pd product} {ergonomic}
    uintx NonProfiledCodeHeapSize                  = 122027880                              {pd product} {ergonomic}
    uintx ProfiledCodeHeapSize                     = 122027880                              {pd product} {ergonomic}
    uintx ReservedCodeCacheSize                    = 251658240                              {pd product} {ergonomic}
     bool SegmentedCodeCache                       = true                                      {product} {ergonomic}
   size_t SoftMaxHeapSize                          = 4135583744                             {manageable} {ergonomic}
     bool UseCompressedOops                        = true                           {product lp64_product} {ergonomic}
     bool UseG1GC                                  = true                                      {product} {ergonomic}
     bool UseLargePagesIndividualAllocation        = false                                  {pd product} {ergonomic}

Logging:
Log output configuration:
 #0: stdout all=warning uptime,level,tags foldmultilines=false
 #1: stderr all=off uptime,level,tags foldmultilines=false

Environment Variables:
PATH=C:\Program Files\Git\mingw64\libexec\git-core;C:\Program Files\Git\mingw64\libexec\git-core;C:\Program Files\Git\mingw64\bin;C:\Program Files\Git\usr\bin;C:\Users\acer_\bin;C:\Program Files (x86)\Common Files\Oracle\Java\java8path;C:\Program Files (x86)\Common Files\Oracle\Java\javapath;C:\Windows\system32;C:\Windows;C:\Windows\System32\Wbem;C:\Windows\System32\WindowsPowerShell\v1.0;C:\Windows\System32\OpenSSH;C:\Program Files\Git\cmd;C:\ProgramData\ComposerSetup\bin;C:\Program Files\PostgreSQL\16\bin;C:\WINDOWS\system32;C:\WINDOWS;C:\WINDOWS\System32\Wbem;C:\WINDOWS\System32\WindowsPowerShell\v1.0;C:\WINDOWS\System32\OpenSSH;C:\Users\acer_\AppData\Local\Microsoft\WindowsApps;C:\Program Files\JetBrains\PhpStorm 2024.2.3\bin;C:\laragon\bin\php\php-8.2.24-Win32-vs16-x64;C:\Users\acer_\AppData\Local\Programs\Microsoft VS Code\bin;C:\Users\acer_\Downloads\ngrok-v3-stable-windows-amd64;C:\Users\acer_\AppData\Roaming\JetBrains\PhpStorm2024.2\node\versions\20.18.0
USERNAME=acer_
DISPLAY=:0.0
LC_ALL=en_US.UTF-8
TERM=xterm-256color
TMPDIR=C:\Users\acer_\AppData\Local\Temp
OS=Windows_NT
PROCESSOR_IDENTIFIER=AMD64 Family 25 Model 80 Stepping 0, AuthenticAMD
TMP=C:\Users\acer_\AppData\Local\Temp
TEMP=C:\Users\acer_\AppData\Local\Temp




Periodic native trim disabled

JNI global refs:
JNI global refs: 0, weak refs: 0

JNI global refs memory usage: 0, weak refs: 0

Process memory usage:
Resident Set Size: 12884K (0% of 16151744K total physical memory with 684132K free physical memory)

OOME stack traces (most recent first):
Classloader memory used:

---------------  S Y S T E M  ---------------

OS:
 Windows 11 , 64 bit Build 26100 (10.0.26100.2454)
OS uptime: 14 days 0:13 hours
Hyper-V role detected

CPU: total 16 (initial active 16) (16 cores per cpu, 2 threads per core) family 25 model 80 stepping 0 microcode 0xa50000d, cx8, cmov, fxsr, ht, mmx, 3dnowpref, sse, sse2, sse3, ssse3, sse4a, sse4.1, sse4.2, popcnt, lzcnt, tsc, tscinvbit, avx, avx2, aes, erms, clmul, bmi1, bmi2, adx, sha, fma, vzeroupper, clflush, clflushopt, hv, rdtscp, rdpid, fsrm, f16c, cet_ss
Processor Information for processor 0
  Max Mhz: 3201, Current Mhz: 1882, Mhz Limit: 3201
Processor Information for processor 1
  Max Mhz: 3201, Current Mhz: 1802, Mhz Limit: 3201
Processor Information for processor 2
  Max Mhz: 3201, Current Mhz: 1882, Mhz Limit: 3201
Processor Information for processor 3
  Max Mhz: 3201, Current Mhz: 1882, Mhz Limit: 3201
Processor Information for processor 4
  Max Mhz: 3201, Current Mhz: 1882, Mhz Limit: 3201
Processor Information for processor 5
  Max Mhz: 3201, Current Mhz: 1882, Mhz Limit: 3201
Processor Information for processor 6
  Max Mhz: 3201, Current Mhz: 1882, Mhz Limit: 3201
Processor Information for processor 7
  Max Mhz: 3201, Current Mhz: 1882, Mhz Limit: 3201
Processor Information for processor 8
  Max Mhz: 3201, Current Mhz: 1802, Mhz Limit: 3201
Processor Information for processor 9
  Max Mhz: 3201, Current Mhz: 1802, Mhz Limit: 3201
Processor Information for processor 10
  Max Mhz: 3201, Current Mhz: 1882, Mhz Limit: 3201
Processor Information for processor 11
  Max Mhz: 3201, Current Mhz: 1802, Mhz Limit: 3201
Processor Information for processor 12
  Max Mhz: 3201, Current Mhz: 1882, Mhz Limit: 3201
Processor Information for processor 13
  Max Mhz: 3201, Current Mhz: 1882, Mhz Limit: 3201
Processor Information for processor 14
  Max Mhz: 3201, Current Mhz: 1802, Mhz Limit: 3201
Processor Information for processor 15
  Max Mhz: 3201, Current Mhz: 1882, Mhz Limit: 3201

Memory: 4k page, system-wide physical 15773M (666M free)
TotalPageFile size 32157M (AvailPageFile size 64M)
current process WorkingSet (physical memory assigned to process): 12M, peak: 12M
current process commit charge ("private bytes"): 70M, peak: 318M

vm_info: OpenJDK 64-Bit Server VM (21.0.5+8-b631.28) for windows-amd64 JRE (21.0.5+8-b631.28), built on 2024-11-23 by "builduser" with MS VC++ 16.10 / 16.11 (VS2019)

END.
